// Jest Snapshot v1, https://goo.gl/fbAQLP

exports[`When active it has the active class 1`] = `
<li
  className="LiveFeed__item cf"
>
  <span>
    10:00
  </span>
  <p>
    The Comment String
  </p>
</li>
`;

exports[`When active it has the active class 2`] = `
<li
  className="LiveFeed__item cf"
>
  <span>
    10:00
  </span>
  <p>
    The Comment String
  </p>
</li>
`;
